🔍 Default search engine: bing
🔍 No search engine restrictions, all available engines can be used
🔍 Search mode: AUTO (currently only affects Bing)
🌐 No proxy configured (set USE_PROXY=true to enable)
🔐 fetchWebContent TLS verification is enabled
🧭 Playwright client source: auto
🧭 Playwright headless: true
🧭 Playwright navigation timeout: 20000ms
🖥️ Server mode: HTTP
🔒 CORS disabled (set ENABLE_CORS=true to enable)
Local open-websearch daemon running at http://127.0.0.1:3210
🔍 Default search engine: bing
🔍 No search engine restrictions, all available engines can be used
🔍 Search mode: AUTO (currently only affects Bing)
🌐 No proxy configured (set USE_PROXY=true to enable)
🔐 fetchWebContent TLS verification is enabled
🧭 Playwright client source: auto
🧭 Playwright headless: true
🧭 Playwright navigation timeout: 20000ms
🖥️ Server mode: HTTP
🔒 CORS disabled (set ENABLE_CORS=true to enable)
Local open-websearch daemon running at http://127.0.0.1:3210
🔍 Default search engine: bing
🔍 No search engine restrictions, all available engines can be used
🔍 Search mode: AUTO (currently only affects Bing)
🌐 No proxy configured (set USE_PROXY=true to enable)
🔐 fetchWebContent TLS verification is enabled
🧭 Playwright client source: auto
🧭 Playwright headless: true
🧭 Playwright navigation timeout: 20000ms
🖥️ Server mode: HTTP
🔒 CORS disabled (set ENABLE_CORS=true to enable)
Local open-websearch daemon running at http://127.0.0.1:3210
